[www.clusterthemes.com/demo/insuranced/html/main.html]
[www.clusterthemes.com/demo/insuranced/html/assets/images/favicon.ico]
[backblue.gif]
[fade.gif]
[index.html]
[www.clusterthemes.com/demo/insuranced/html/assets/scripts/preload.min.js]
[www.clusterthemes.com/demo/insuranced/html/assets/images/design/logo-header.png]
[www.clusterthemes.com/demo/insuranced/html/main-2.html]
[www.clusterthemes.com/demo/insuranced/html/main-3.html]
[www.clusterthemes.com/demo/insuranced/html/about_us.html]
[www.clusterthemes.com/demo/insuranced/html/services.html]
[www.clusterthemes.com/demo/insuranced/html/assets/styles/main.css]
[www.clusterthemes.com/demo/insuranced/html/service_opened.html]
[www.clusterthemes.com/demo/insuranced/html/quote.html]
[www.clusterthemes.com/demo/insuranced/html/case_studies.html]
[www.clusterthemes.com/demo/insuranced/html/case_study.html]
[www.clusterthemes.com/demo/insuranced/html/blog.html]
[www.clusterthemes.com/demo/insuranced/html/post.html]
[www.clusterthemes.com/demo/insuranced/html/careers.html]
[www.clusterthemes.com/demo/insuranced/html/contact_us.html]
[www.clusterthemes.com/demo/insuranced/html/assets/images/content/why_who/01.jpg]
[www.clusterthemes.com/demo/insuranced/html/assets/images/content/why_who/02.jpg]
[www.clusterthemes.com/demo/insuranced/html/assets/images/content/popup/bg2.jpg]
[www.clusterthemes.com/demo/insuranced/html/assets/images/content/popup/bg1.jpg]
[www.clusterthemes.com/demo/insuranced/html/assets/images/content/partners/p2.png]
[www.clusterthemes.com/demo/insuranced/html/assets/images/content/partners/p3.png]
[www.clusterthemes.com/demo/insuranced/html/assets/images/content/partners/p4.png]
[www.clusterthemes.com/demo/insuranced/html/assets/images/content/partners/p5.png]
[www.clusterthemes.com/demo/insuranced/html/assets/images/content/partners/p6.png]
[www.clusterthemes.com/demo/insuranced/html/assets/images/content/avatar/cl001.jpg]
[www.clusterthemes.com/demo/insuranced/html/assets/images/design/logo-footer.png]
[www.clusterthemes.com/demo/insuranced/html/assets/libs/typed/typed.min.js]
[www.clusterthemes.com/demo/insuranced/html/assets/libs/Headhesive.js/dist/headhesive.min.js]
[www.clusterthemes.com/demo/insuranced/html/assets/libs/magnific-popup/dist/magnific-popup.css]
[www.clusterthemes.com/demo/insuranced/html/assets/libs/slideout.js/dist/slideout.min.js]
[www.clusterthemes.com/demo/insuranced/html/assets/libs/youtubeBackground.min/build/jquery.youtubebackground.min.js]
[www.clusterthemes.com/demo/insuranced/html/assets/libs/magnific-popup/dist/jquery.magnific-popup.min.js]
[www.clusterthemes.com/demo/insuranced/html/assets/libs/vide/dist/jquery.vide.min.js]
[www.clusterthemes.com/demo/insuranced/html/assets/libs/jquery/dist/jquery.min.js]
[www.clusterthemes.com/demo/insuranced/html/assets/libs/social-sharing-buttons/social-buttons.js]
[www.clusterthemes.com/demo/insuranced/html/assets/libs/social-sharing-buttons/social-buttons.css]
[www.clusterthemes.com/demo/insuranced/html/assets/libs/mixitup/build/jquery.mixitup.min.js]
[www.clusterthemes.com/demo/insuranced/html/assets/libs/isMobile/isMobile.min.js]
[www.clusterthemes.com/demo/insuranced/html/assets/libs/isInViewport/lib/isInViewport.min.js]
[www.clusterthemes.com/demo/insuranced/html/assets/libs/progressbar.js/dist/progressbar.min.js]
[www.clusterthemes.com/demo/insuranced/html/assets/libs/tabby/dist/js/tabby.min.js]
[www.clusterthemes.com/demo/insuranced/html/assets/libs/select2/dist/js/select2.min.js]
[www.clusterthemes.com/demo/insuranced/html/assets/libs/blueimp-file-upload/js/jquery.iframe-transport.js]
[www.clusterthemes.com/demo/insuranced/html/assets/libs/blueimp-file-upload/js/jquery.fileupload.js]
[www.clusterthemes.com/demo/insuranced/html/assets/libs/slick-carousel/slick/slick.min.js]
[www.clusterthemes.com/demo/insuranced/html/assets/libs/noUiSlider/nouislider.min.js]
[www.clusterthemes.com/demo/insuranced/html/assets/libs/noUiSlider/nouislider.min.css]
[www.clusterthemes.com/demo/insuranced/html/assets/libs/noUiSlider/nouislider.js]
[www.clusterthemes.com/demo/insuranced/html/assets/libs/slick-carousel/slick/slick.css]
[www.clusterthemes.com/demo/insuranced/html/main.html]
[www.clusterthemes.com/demo/insuranced/html/assets/scripts/main.js]
[www.clusterthemes.com/demo/insuranced/html/assets/images/design/contact_form_bg.jpg]
[www.clusterthemes.com/demo/insuranced/html/assets/fonts/icons/icons.woff]
[www.clusterthemes.com/demo/insuranced/html/assets/images/design/patterns/pattern-light.png]
[www.clusterthemes.com/demo/insuranced/html/assets/images/design/patterns/pattern-dark.png]
[www.clusterthemes.com/demo/insuranced/html/assets/fonts/font_awesome/fontawesome-webfont3295.woff]
[www.clusterthemes.com/demo/insuranced/html/assets/images/design/footer.jpg]
[www.clusterthemes.com/demo/insuranced/html/assets/fonts/budicon/budicon8122.woff]
[www.clusterthemes.com/demo/insuranced/html/assets/images/content/slide_simple/slide_simple_bg.jpg]
[www.clusterthemes.com/demo/insuranced/html/assets/images/banner1.png]
[www.clusterthemes.com/demo/insuranced/html/assets/images/banner2.png]
[www.clusterthemes.com/demo/insuranced/html/assets/images/design/promo_banner_bg.jpg]
[www.clusterthemes.com/demo/insuranced/html/assets/images/design/promo_detailed_bg.jpg]
[www.clusterthemes.com/demo/insuranced/html/assets/images/content/case_studies/a1.jpg]
[www.clusterthemes.com/demo/insuranced/html/assets/images/content/slide_block/slide_block_bg.jpg]
[www.clusterthemes.com/demo/insuranced/html/assets/images/content/slide_fancy/slide_fancy_bg.jpg]
[www.clusterthemes.com/demo/insuranced/html/assets/images/content/clients/001.jpg]
[www.clusterthemes.com/demo/insuranced/html/assets/styles/main.css]
[www.clusterthemes.com/demo/insuranced/html/assets/images/content/features/f01.jpg]
[www.clusterthemes.com/demo/insuranced/html/assets/images/content/features/f02.jpg]
[www.clusterthemes.com/demo/insuranced/html/assets/images/content/features/f03.jpg]
[www.clusterthemes.com/demo/insuranced/html/assets/images/content/features/f04.jpg]
[www.clusterthemes.com/demo/insuranced/html/assets/images/content/avatar/cl002.jpg]
[www.clusterthemes.com/demo/insuranced/html/assets/images/content/avatar/cl003.jpg]
[www.clusterthemes.com/demo/insuranced/html/assets/images/content/avatar/cl004.jpg]
[www.clusterthemes.com/demo/insuranced/html/main-2.html]
[www.clusterthemes.com/demo/insuranced/html/assets/images/content/why_article/001.jpg]
[www.clusterthemes.com/demo/insuranced/html/assets/images/content/why_article/002.jpg]
[www.clusterthemes.com/demo/insuranced/html/assets/images/content/why_article/003.jpg]
[www.clusterthemes.com/demo/insuranced/html/assets/images/content/help/001.jpg]
[www.clusterthemes.com/demo/insuranced/html/assets/images/content/help/002.jpg]
[www.clusterthemes.com/demo/insuranced/html/assets/images/content/help/003.jpg]
[www.clusterthemes.com/demo/insuranced/html/assets/images/content/avatar/001.jpg]
[www.clusterthemes.com/demo/insuranced/html/assets/images/content/avatar/002.jpg]
[www.clusterthemes.com/demo/insuranced/html/assets/images/content/avatar/003.jpg]
[www.clusterthemes.com/demo/insuranced/html/assets/images/content/recent_news/001.jpg]
[www.clusterthemes.com/demo/insuranced/html/assets/images/content/recent_news/002.jpg]
[www.clusterthemes.com/demo/insuranced/html/assets/images/content/recent_news/003.jpg]
[www.clusterthemes.com/demo/insuranced/html/main-3.html]
[www.clusterthemes.com/demo/insuranced/html/assets/images/content/our_team/001.jpg]
[www.clusterthemes.com/demo/insuranced/html/assets/images/content/our_team/003.jpg]
[www.clusterthemes.com/demo/insuranced/html/assets/images/content/our_team/005.jpg]
[www.clusterthemes.com/demo/insuranced/html/assets/images/content/our_team/006.jpg]
[www.clusterthemes.com/demo/insuranced/html/assets/images/content/our_team/007.jpg]
[www.clusterthemes.com/demo/insuranced/html/assets/images/content/our_team/008.jpg]
[www.clusterthemes.com/demo/insuranced/html/about_us.html]
[www.clusterthemes.com/demo/insuranced/html/services.html]
[www.clusterthemes.com/demo/insuranced/html/assets/images/content/gallery/001.jpg]
[www.clusterthemes.com/demo/insuranced/html/assets/images/content/gallery/002.jpg]
[www.clusterthemes.com/demo/insuranced/html/assets/images/content/gallery/003.jpg]
[www.clusterthemes.com/demo/insuranced/html/assets/images/content/gallery/004.jpg]
[www.clusterthemes.com/demo/insuranced/html/assets/images/content/gallery/005.jpg]
[www.clusterthemes.com/demo/insuranced/html/assets/images/content/brochure/001.jpg]
[www.clusterthemes.com/demo/insuranced/html/service_opened.html]
[www.clusterthemes.com/demo/insuranced/html/quote.html]
[www.clusterthemes.com/demo/insuranced/html/case_studies.html]
[www.clusterthemes.com/demo/insuranced/html/assets/images/content/case_study/001.jpg]
[www.clusterthemes.com/demo/insuranced/html/assets/images/content/case_study/002.jpg]
[www.clusterthemes.com/demo/insuranced/html/assets/images/content/case_study/003.jpg]
[www.clusterthemes.com/demo/insuranced/html/case_study.html]
[www.clusterthemes.com/demo/insuranced/html/assets/images/content/blog/b01.jpg]
[www.clusterthemes.com/demo/insuranced/html/assets/images/content/blog/b02.jpg]
[www.clusterthemes.com/demo/insuranced/html/assets/images/content/blog/b03.jpg]
[www.clusterthemes.com/demo/insuranced/html/assets/images/content/blog/b05.jpg]
[www.clusterthemes.com/demo/insuranced/html/assets/images/content/blog/b06.jpg]
[www.clusterthemes.com/demo/insuranced/html/assets/images/content/blog/b08.jpg]
[www.clusterthemes.com/demo/insuranced/html/blog.html]
[www.clusterthemes.com/demo/insuranced/html/assets/images/content/blog/post01.jpg]
[www.clusterthemes.com/demo/insuranced/html/post.html]
[www.clusterthemes.com/demo/insuranced/html/careers.html]
[www.clusterthemes.com/demo/insuranced/html/contact_us.html]
[www.clusterthemes.com/demo/insuranced/html/assets/libs/magnific-popup/dist/magnific-popup.css]
[www.clusterthemes.com/demo/insuranced/html/assets/images/content/partners/p1.png]
[www.clusterthemes.com/demo/insuranced/html/assets/libs/social-sharing-buttons/fonts/icons8d5e.eot]
[www.clusterthemes.com/demo/insuranced/html/assets/libs/social-sharing-buttons/fonts/icons8d5e.ttf]
[www.clusterthemes.com/demo/insuranced/html/assets/libs/social-sharing-buttons/fonts/icons8d5e.woff]
[www.clusterthemes.com/demo/insuranced/html/assets/libs/social-sharing-buttons/social-buttons.css]
[www.clusterthemes.com/demo/insuranced/html/assets/libs/noUiSlider/nouislider.min.css]
[www.clusterthemes.com/demo/insuranced/html/assets/libs/slick-carousel/slick/slick.css]
[www.clusterthemes.com/demo/insuranced/html/assets/images/design/smiley.svg]
[www.clusterthemes.com/demo/insuranced/html/assets/images/ajax_loader.gif]
[www.clusterthemes.com/demo/insuranced/html/assets/images/content/our_team/o_c01.jpg]
[www.clusterthemes.com/demo/insuranced/html/assets/libs/blueimp-file-upload/js/vendor/jquery.ui.widget.js]
[www.clusterthemes.com/demo/insuranced/html/assets/images/content/our_team/002.jpg]
[www.clusterthemes.com/demo/insuranced/html/assets/images/content/our_team/004.jpg]
[www.clusterthemes.com/demo/insuranced/html/assets/images/content/blog/b07.jpg]
[www.clusterthemes.com/demo/insuranced/html/assets/images/content/blog/b09.jpg]
[www.clusterthemes.com/demo/insuranced/html/assets/images/content/blog/post02.jpg]
[www.clusterthemes.com/demo/insuranced/html/assets/libs/social-sharing-buttons/fonts/icons8d5e.svg]
[www.clusterthemes.com/demo/insuranced/html/.html]
[www.clusterthemes.com/demo/insuranced/html/assets/images/content/blog/b04.jpg]
[www.clusterthemes.com/demo/insuranced/html/-2.html]
[www.clusterthemes.com/demo/insuranced/html/-3.html]
[www.clusterthemes.com/demo/insuranced/html/-4.html]
[www.clusterthemes.com/demo/insuranced/html/-5.html]
[www.clusterthemes.com/demo/insuranced/html/more.html]
